/home/royce/anaconda3/envs/ptvenv/lib/python3.10/site-packages/diffusers/models/attention_processor.py:52: FutureWarning: torch._dynamo.allow_in_graph is deprecated and will be removed in a future version. Use torch._dynamo.nonstrict_trace instead.
  class Attention(nn.Module):
/home/royce/anaconda3/envs/ptvenv/lib/python3.10/site-packages/diffusers/hooks/context_parallel.py:341: FutureWarning: torch._dynamo.allow_in_graph is deprecated and will be removed in a future version. Use torch._dynamo.nonstrict_trace instead.
  def _all_gather_anything(tensor: torch.Tensor, dim: int, group: dist.device_mesh.DeviceMesh) -> torch.Tensor:
/home/royce/anaconda3/envs/ptvenv/lib/python3.10/site-packages/diffusers/models/attention.py:538: FutureWarning: torch._dynamo.allow_in_graph is deprecated and will be removed in a future version. Use torch._dynamo.nonstrict_trace instead.
  class GatedSelfAttentionDense(nn.Module):
/home/royce/anaconda3/envs/ptvenv/lib/python3.10/site-packages/diffusers/models/attention.py:580: FutureWarning: torch._dynamo.allow_in_graph is deprecated and will be removed in a future version. Use torch._dynamo.nonstrict_trace instead.
  class JointTransformerBlock(nn.Module):
/home/royce/anaconda3/envs/ptvenv/lib/python3.10/site-packages/diffusers/models/attention.py:752: FutureWarning: torch._dynamo.allow_in_graph is deprecated and will be removed in a future version. Use torch._dynamo.nonstrict_trace instead.
  class BasicTransformerBlock(nn.Module):
/home/royce/anaconda3/envs/ptvenv/lib/python3.10/site-packages/diffusers/models/attention.py:1133: FutureWarning: torch._dynamo.allow_in_graph is deprecated and will be removed in a future version. Use torch._dynamo.nonstrict_trace instead.
  class TemporalBasicTransformerBlock(nn.Module):
/home/royce/anaconda3/envs/ptvenv/lib/python3.10/site-packages/diffusers/models/attention.py:1335: FutureWarning: torch._dynamo.allow_in_graph is deprecated and will be removed in a future version. Use torch._dynamo.nonstrict_trace instead.
  class FreeNoiseTransformerBlock(nn.Module):
/home/royce/anaconda3/envs/ptvenv/lib/python3.10/site-packages/diffusers/models/transformers/auraflow_transformer_2d.py:147: FutureWarning: torch._dynamo.allow_in_graph is deprecated and will be removed in a future version. Use torch._dynamo.nonstrict_trace instead.
  class AuraFlowSingleTransformerBlock(nn.Module):
/home/royce/anaconda3/envs/ptvenv/lib/python3.10/site-packages/diffusers/models/transformers/auraflow_transformer_2d.py:197: FutureWarning: torch._dynamo.allow_in_graph is deprecated and will be removed in a future version. Use torch._dynamo.nonstrict_trace instead.
  class AuraFlowJointTransformerBlock(nn.Module):
/home/royce/anaconda3/envs/ptvenv/lib/python3.10/site-packages/diffusers/models/transformers/cogvideox_transformer_3d.py:38: FutureWarning: torch._dynamo.allow_in_graph is deprecated and will be removed in a future version. Use torch._dynamo.nonstrict_trace instead.
  class CogVideoXBlock(nn.Module):
/home/royce/anaconda3/envs/ptvenv/lib/python3.10/site-packages/diffusers/models/transformers/consisid_transformer_3d.py:232: FutureWarning: torch._dynamo.allow_in_graph is deprecated and will be removed in a future version. Use torch._dynamo.nonstrict_trace instead.
  class ConsisIDBlock(nn.Module):
/home/royce/anaconda3/envs/ptvenv/lib/python3.10/site-packages/diffusers/models/transformers/hunyuan_transformer_2d.py:57: FutureWarning: torch._dynamo.allow_in_graph is deprecated and will be removed in a future version. Use torch._dynamo.nonstrict_trace instead.
  class HunyuanDiTBlock(nn.Module):
/home/royce/anaconda3/envs/ptvenv/lib/python3.10/site-packages/diffusers/models/transformers/stable_audio_transformer.py:65: FutureWarning: torch._dynamo.allow_in_graph is deprecated and will be removed in a future version. Use torch._dynamo.nonstrict_trace instead.
  class StableAudioDiTBlock(nn.Module):
/home/royce/anaconda3/envs/ptvenv/lib/python3.10/site-packages/diffusers/models/transformers/transformer_allegro.py:36: FutureWarning: torch._dynamo.allow_in_graph is deprecated and will be removed in a future version. Use torch._dynamo.nonstrict_trace instead.
  class AllegroTransformerBlock(nn.Module):
/home/royce/anaconda3/envs/ptvenv/lib/python3.10/site-packages/diffusers/models/attention_dispatch.py:1771: FutureWarning: torch._dynamo.allow_in_graph is deprecated and will be removed in a future version. Use torch._dynamo.nonstrict_trace instead.
  def all_to_all_single_any_qkv_async(
/home/royce/anaconda3/envs/ptvenv/lib/python3.10/site-packages/diffusers/models/attention_dispatch.py:1805: FutureWarning: torch._dynamo.allow_in_graph is deprecated and will be removed in a future version. Use torch._dynamo.nonstrict_trace instead.
  def all_to_all_single_any_o_async(x: torch.Tensor, group: dist.ProcessGroup, **kwargs) -> Callable[..., torch.Tensor]:
/home/royce/anaconda3/envs/ptvenv/lib/python3.10/site-packages/diffusers/models/transformers/transformer_bria.py:366: FutureWarning: torch._dynamo.allow_in_graph is deprecated and will be removed in a future version. Use torch._dynamo.nonstrict_trace instead.
  class BriaTransformerBlock(nn.Module):
/home/royce/anaconda3/envs/ptvenv/lib/python3.10/site-packages/diffusers/models/transformers/transformer_bria.py:451: FutureWarning: torch._dynamo.allow_in_graph is deprecated and will be removed in a future version. Use torch._dynamo.nonstrict_trace instead.
  class BriaSingleTransformerBlock(nn.Module):
/home/royce/anaconda3/envs/ptvenv/lib/python3.10/site-packages/diffusers/models/transformers/transformer_bria_fibo.py:244: FutureWarning: torch._dynamo.allow_in_graph is deprecated and will be removed in a future version. Use torch._dynamo.nonstrict_trace instead.
  class BriaFiboSingleTransformerBlock(nn.Module):
/home/royce/anaconda3/envs/ptvenv/lib/python3.10/site-packages/diffusers/models/transformers/transformer_bria_fibo.py:308: FutureWarning: torch._dynamo.allow_in_graph is deprecated and will be removed in a future version. Use torch._dynamo.nonstrict_trace instead.
  class BriaFiboTransformerBlock(nn.Module):
/home/royce/anaconda3/envs/ptvenv/lib/python3.10/site-packages/diffusers/models/transformers/transformer_flux.py:356: FutureWarning: torch._dynamo.allow_in_graph is deprecated and will be removed in a future version. Use torch._dynamo.nonstrict_trace instead.
  class FluxSingleTransformerBlock(nn.Module):
/home/royce/anaconda3/envs/ptvenv/lib/python3.10/site-packages/diffusers/models/transformers/transformer_flux.py:410: FutureWarning: torch._dynamo.allow_in_graph is deprecated and will be removed in a future version. Use torch._dynamo.nonstrict_trace instead.
  class FluxTransformerBlock(nn.Module):
/home/royce/anaconda3/envs/ptvenv/lib/python3.10/site-packages/diffusers/models/transformers/transformer_chroma.py:204: FutureWarning: torch._dynamo.allow_in_graph is deprecated and will be removed in a future version. Use torch._dynamo.nonstrict_trace instead.
  class ChromaSingleTransformerBlock(nn.Module):
/home/royce/anaconda3/envs/ptvenv/lib/python3.10/site-packages/diffusers/models/transformers/transformer_chroma.py:276: FutureWarning: torch._dynamo.allow_in_graph is deprecated and will be removed in a future version. Use torch._dynamo.nonstrict_trace instead.
  class ChromaTransformerBlock(nn.Module):
/home/royce/anaconda3/envs/ptvenv/lib/python3.10/site-packages/diffusers/models/transformers/transformer_chronoedit.py:435: FutureWarning: torch._dynamo.allow_in_graph is deprecated and will be removed in a future version. Use torch._dynamo.nonstrict_trace instead.
  class WanTransformerBlock(nn.Module):
/home/royce/anaconda3/envs/ptvenv/lib/python3.10/site-packages/diffusers/models/transformers/transformer_cogview4.py:456: FutureWarning: torch._dynamo.allow_in_graph is deprecated and will be removed in a future version. Use torch._dynamo.nonstrict_trace instead.
  class CogView4TransformerBlock(nn.Module):
/home/royce/anaconda3/envs/ptvenv/lib/python3.10/site-packages/diffusers/models/transformers/transformer_easyanimate.py:209: FutureWarning: torch._dynamo.allow_in_graph is deprecated and will be removed in a future version. Use torch._dynamo.nonstrict_trace instead.
  class EasyAnimateTransformerBlock(nn.Module):
/home/royce/anaconda3/envs/ptvenv/lib/python3.10/site-packages/diffusers/models/transformers/transformer_glm_image.py:351: FutureWarning: torch._dynamo.allow_in_graph is deprecated and will be removed in a future version. Use torch._dynamo.nonstrict_trace instead.
  class GlmImageTransformerBlock(nn.Module):
/home/royce/anaconda3/envs/ptvenv/lib/python3.10/site-packages/diffusers/models/transformers/transformer_helios.py:376: FutureWarning: torch._dynamo.allow_in_graph is deprecated and will be removed in a future version. Use torch._dynamo.nonstrict_trace instead.
  class HeliosTransformerBlock(nn.Module):
/home/royce/anaconda3/envs/ptvenv/lib/python3.10/site-packages/diffusers/models/transformers/transformer_hidream_image.py:140: FutureWarning: torch._dynamo.allow_in_graph is deprecated and will be removed in a future version. Use torch._dynamo.nonstrict_trace instead.
  class HiDreamAttention(Attention):
/home/royce/anaconda3/envs/ptvenv/lib/python3.10/site-packages/diffusers/models/transformers/transformer_hidream_image.py:421: FutureWarning: torch._dynamo.allow_in_graph is deprecated and will be removed in a future version. Use torch._dynamo.nonstrict_trace instead.
  class HiDreamImageSingleTransformerBlock(nn.Module):
/home/royce/anaconda3/envs/ptvenv/lib/python3.10/site-packages/diffusers/models/transformers/transformer_hidream_image.py:490: FutureWarning: torch._dynamo.allow_in_graph is deprecated and will be removed in a future version. Use torch._dynamo.nonstrict_trace instead.
  class HiDreamImageTransformerBlock(nn.Module):
/home/royce/anaconda3/envs/ptvenv/lib/python3.10/site-packages/diffusers/models/transformers/transformer_hunyuanimage.py:267: FutureWarning: torch._dynamo.allow_in_graph is deprecated and will be removed in a future version. Use torch._dynamo.nonstrict_trace instead.
  class HunyuanImageIndividualTokenRefinerBlock(nn.Module):
/home/royce/anaconda3/envs/ptvenv/lib/python3.10/site-packages/diffusers/models/transformers/transformer_hunyuanimage.py:461: FutureWarning: torch._dynamo.allow_in_graph is deprecated and will be removed in a future version. Use torch._dynamo.nonstrict_trace instead.
  class HunyuanImageSingleTransformerBlock(nn.Module):
/home/royce/anaconda3/envs/ptvenv/lib/python3.10/site-packages/diffusers/models/transformers/transformer_hunyuanimage.py:538: FutureWarning: torch._dynamo.allow_in_graph is deprecated and will be removed in a future version. Use torch._dynamo.nonstrict_trace instead.
  class HunyuanImageTransformerBlock(nn.Module):
/home/royce/anaconda3/envs/ptvenv/lib/python3.10/site-packages/diffusers/models/transformers/transformer_longcat_image.py:215: FutureWarning: torch._dynamo.allow_in_graph is deprecated and will be removed in a future version. Use torch._dynamo.nonstrict_trace instead.
  class LongCatImageSingleTransformerBlock(nn.Module):
/home/royce/anaconda3/envs/ptvenv/lib/python3.10/site-packages/diffusers/models/transformers/transformer_longcat_image.py:269: FutureWarning: torch._dynamo.allow_in_graph is deprecated and will be removed in a future version. Use torch._dynamo.nonstrict_trace instead.
  class LongCatImageTransformerBlock(nn.Module):
/home/royce/anaconda3/envs/ptvenv/lib/python3.10/site-packages/diffusers/models/transformers/transformer_ltx.py:282: FutureWarning: torch._dynamo.allow_in_graph is deprecated and will be removed in a future version. Use torch._dynamo.nonstrict_trace instead.
  class LTXVideoTransformerBlock(nn.Module):
/home/royce/anaconda3/envs/ptvenv/lib/python3.10/site-packages/diffusers/models/transformers/transformer_ltx.py:385: FutureWarning: torch._dynamo.allow_in_graph is deprecated and will be removed in a future version. Use torch._dynamo.nonstrict_trace instead.
  class LTXVideoTransformer3DModel(
/home/royce/anaconda3/envs/ptvenv/lib/python3.10/site-packages/diffusers/models/transformers/transformer_mochi.py:119: FutureWarning: torch._dynamo.allow_in_graph is deprecated and will be removed in a future version. Use torch._dynamo.nonstrict_trace instead.
  class MochiTransformerBlock(nn.Module):
/home/royce/anaconda3/envs/ptvenv/lib/python3.10/site-packages/diffusers/models/transformers/transformer_mochi.py:309: FutureWarning: torch._dynamo.allow_in_graph is deprecated and will be removed in a future version. Use torch._dynamo.nonstrict_trace instead.
  class MochiTransformer3DModel(ModelMixin, ConfigMixin, PeftAdapterMixin, FromOriginalModelMixin, CacheMixin):
/home/royce/anaconda3/envs/ptvenv/lib/python3.10/site-packages/diffusers/models/transformers/transformer_ovis_image.py:215: FutureWarning: torch._dynamo.allow_in_graph is deprecated and will be removed in a future version. Use torch._dynamo.nonstrict_trace instead.
  class OvisImageSingleTransformerBlock(nn.Module):
/home/royce/anaconda3/envs/ptvenv/lib/python3.10/site-packages/diffusers/models/transformers/transformer_ovis_image.py:272: FutureWarning: torch._dynamo.allow_in_graph is deprecated and will be removed in a future version. Use torch._dynamo.nonstrict_trace instead.
  class OvisImageTransformerBlock(nn.Module):
/home/royce/anaconda3/envs/ptvenv/lib/python3.10/site-packages/diffusers/models/transformers/transformer_qwenimage.py:578: FutureWarning: torch._dynamo.allow_in_graph is deprecated and will be removed in a future version. Use torch._dynamo.nonstrict_trace instead.
  class QwenImageTransformerBlock(nn.Module):
/home/royce/anaconda3/envs/ptvenv/lib/python3.10/site-packages/diffusers/models/transformers/transformer_sd3.py:39: FutureWarning: torch._dynamo.allow_in_graph is deprecated and will be removed in a future version. Use torch._dynamo.nonstrict_trace instead.
  class SD3SingleTransformerBlock(nn.Module):
/home/royce/anaconda3/envs/ptvenv/lib/python3.10/site-packages/diffusers/models/transformers/transformer_skyreels_v2.py:439: FutureWarning: torch._dynamo.allow_in_graph is deprecated and will be removed in a future version. Use torch._dynamo.nonstrict_trace instead.
  class SkyReelsV2TransformerBlock(nn.Module):
/home/royce/anaconda3/envs/ptvenv/lib/python3.10/site-packages/diffusers/models/transformers/transformer_wan.py:420: FutureWarning: torch._dynamo.allow_in_graph is deprecated and will be removed in a future version. Use torch._dynamo.nonstrict_trace instead.
  class WanTransformerBlock(nn.Module):
/home/royce/anaconda3/envs/ptvenv/lib/python3.10/site-packages/diffusers/models/transformers/transformer_z_image.py:184: FutureWarning: torch._dynamo.allow_in_graph is deprecated and will be removed in a future version. Use torch._dynamo.nonstrict_trace instead.
  class ZImageTransformerBlock(nn.Module):
/home/royce/anaconda3/envs/ptvenv/lib/python3.10/site-packages/diffusers/models/controlnets/controlnet_z_image.py:190: FutureWarning: torch._dynamo.allow_in_graph is deprecated and will be removed in a future version. Use torch._dynamo.nonstrict_trace instead.
  class ZImageTransformerBlock(nn.Module):
/home/royce/anaconda3/envs/ptvenv/lib/python3.10/site-packages/diffusers/models/controlnets/controlnet_z_image.py:337: FutureWarning: torch._dynamo.allow_in_graph is deprecated and will be removed in a future version. Use torch._dynamo.nonstrict_trace instead.
  class ZImageControlTransformerBlock(nn.Module):
Loading pipeline components...:   0%|          | 0/7 [00:00<?, ?it/s]Loading pipeline components...:  43%|████▎     | 3/7 [00:00<00:00,  4.17it/s]Loading pipeline components...:  71%|███████▏  | 5/7 [00:00<00:00,  5.37it/s]Loading pipeline components...:  86%|████████▌ | 6/7 [00:01<00:00,  5.75it/s]Loading pipeline components...: 100%|██████████| 7/7 [00:01<00:00,  6.08it/s]
/data/pytorch-source/torch/profiler/profiler.py:229: UserWarning: Warning: Profiler clears events at the end of each cycle.Only events from the current cycle will be reported.To keep events across cycles, set acc_events=True.
  _warn_once(
[W601 21:28:20.446530664 execution_trace_observer.cpp:976] Enabling Execution Trace Observer
[W601 21:28:20.676979189 CPUAllocator.cpp:245] Memory block of unknown size was allocated before the profiling started, profiler results will not include the deallocation event
[W601 21:28:23.299175996 execution_trace_observer.cpp:988] Disabling Execution Trace Observer
-------------------------------------------------------  ------------  ------------  ------------  ------------  ------------  ------------  ------------  ------------  ------------  ------------  ------------  ------------  ------------  ------------  
                                                   Name    Self CPU %      Self CPU   CPU total %     CPU total  CPU time avg     Self CUDA   Self CUDA %    CUDA total  CUDA time avg       CPU Mem  Self CPU Mem      CUDA Mem  Self CUDA Mem    # of Calls  
-------------------------------------------------------  ------------  ------------  ------------  ------------  ------------  ------------  ------------  ------------  ------------  ------------  ------------  ------------  ------------  ------------  
                             sdxl_turbo_cpu_offload_run        34.93%     996.158ms       100.00%        2.852s        2.852s       0.000us         0.00%     940.662ms     940.662ms          20 B     -14.73 KB      32.00 KB     -28.72 GB             1  
                                  cudaStreamSynchronize        10.43%     297.601ms        10.43%     297.601ms      32.575us      13.388ms         1.44%      13.388ms       1.465us           0 B           0 B           0 B           0 B          9136  
                                               aten::to         4.50%     128.227ms        17.42%     496.854ms      39.181us       0.000us         0.00%     840.934ms      66.315us          40 B           0 B      20.65 GB           0 B         12681  
                                         aten::_to_copy         4.38%     124.786ms        12.92%     368.607ms      49.345us       0.000us         0.00%     840.933ms     112.575us          40 B           0 B      20.65 GB           0 B          7470  
                                    aten::empty_strided         4.09%     116.678ms         4.09%     116.678ms      14.530us       0.000us         0.00%       0.000us       0.000us          40 B          40 B      21.04 GB      21.04 GB          8030  
                                            aten::copy_         3.14%      89.677ms         4.96%     141.598ms      18.235us     841.752ms        90.79%     841.752ms     108.403us           0 B           0 B           0 B           0 B          7765  
                                        aten::transpose         2.98%      85.076ms         5.18%     147.844ms      18.320us       0.000us         0.00%       0.000us       0.000us           0 B           0 B           0 B           0 B          8070  
                                             aten::view         2.65%      75.517ms         2.65%      75.517ms       7.525us       0.000us         0.00%       0.000us       0.000us           0 B           0 B           0 B           0 B         10036  
                                            aten::empty         2.61%      74.406ms         2.61%      74.406ms      11.110us       0.000us         0.00%       0.000us       0.000us       3.45 KB       3.45 KB       3.89 GB       3.89 GB          6697  
                                       aten::as_strided         2.60%      74.219ms         2.60%      74.219ms       7.804us       0.000us         0.00%       0.000us       0.000us           0 B           0 B           0 B           0 B          9510  
                aten::_has_compatible_shallow_copy_type         2.55%      72.621ms         2.55%      72.621ms       4.884us       0.000us         0.00%       0.000us       0.000us           0 B           0 B           0 B           0 B         14870  
                                               aten::mm         2.13%      60.700ms         2.73%      77.765ms      45.081us      20.091ms         2.17%      20.091ms      11.647us           0 B           0 B     937.78 MB     937.78 MB          1725  
                                        aten::is_pinned         2.08%      59.257ms         2.37%      67.712ms       9.107us       0.000us         0.00%       0.000us       0.000us           0 B           0 B           0 B           0 B          7435  
                                           aten::linear         1.82%      51.981ms        13.66%     389.470ms     120.318us       0.000us         0.00%      52.348ms      16.172us           0 B           0 B       3.17 GB           0 B          3237  
                                            aten::addmm         1.79%      51.109ms         2.34%      66.759ms      44.153us      32.137ms         3.47%      32.137ms      21.254us           0 B           0 B       2.25 GB       2.25 GB          1512  
                                       cudaLaunchKernel         1.79%      50.979ms         1.79%      50.979ms       7.304us       0.000us         0.00%       0.000us       0.000us           0 B           0 B           0 B           0 B          6980  
                                        cudaMemcpyAsync         1.53%      43.767ms         1.53%      43.767ms       5.875us       0.000us         0.00%       0.000us       0.000us           0 B           0 B           0 B           0 B          7450  
                                                aten::t         1.29%      36.903ms         3.64%     103.755ms      32.043us       0.000us         0.00%       0.000us       0.000us           0 B           0 B           0 B           0 B          3238  
                                aten::native_layer_norm         1.19%      33.809ms         3.08%      87.948ms      94.568us       2.937ms         0.32%       2.937ms       3.158us           0 B           0 B     617.47 MB      -1.00 KB           930  
                                           aten::matmul         0.96%      27.265ms         4.92%     140.387ms      81.384us       0.000us         0.00%      20.091ms      11.647us           0 B           0 B     937.78 MB           0 B          1725  
-------------------------------------------------------  ------------  ------------  ------------  ------------  ------------  ------------  ------------  ------------  ------------  ------------  ------------  ------------  ------------  ------------  
Self CPU time total: 2.852s
Self CUDA time total: 927.137ms

pipeline: sdxl-turbo
device: cuda:0
dtype: float16
offload_mode: group
fusion: none
accelerate_version: 1.13.0
seed: 0
vae_model: madebyollin/sdxl-vae-fp16-fix
variant: fp16
with_modules: True
warmup_runs: 4
trace_path: /data/pytorch-source/exp_results/0521_sweep/sdxl_offload_group_leaf_level_nonblocking/sdxl_offload_group_leaf_level_nonblocking_gpu_trace.json
trace_csv_path: /data/pytorch-source/exp_results/0521_sweep/sdxl_offload_group_leaf_level_nonblocking/sdxl_offload_group_leaf_level_nonblocking_gpu_trace.csv
execution_trace_path: /data/pytorch-source/exp_results/0521_sweep/sdxl_offload_group_leaf_level_nonblocking/sdxl_offload_group_leaf_level_nonblocking_gpu_execution_trace.json
llamasim_output_dir: /data/pytorch-source/exp_results/0521_sweep/sdxl_offload_group_leaf_level_nonblocking/llama_bundle
llamasim_runtime_summary:
  nodes: total=122333 gpu=17426 cpu=104907
  submit_edges: exact=17426/17426 (100.00%) heuristic=0 provenance=ac2g_endpoint_exact
  ac2g: paired=17426 matched=17426 errors=0
  wait_edges: exact=8/35596 (0.02%) heuristic=35588
  ws_sync: markers=0 leaves=0
  wait_sources: aten_parent_scope_exact=8, kineto_sync_frontier=35588
  excluded_wait_sources: profiler_sync_excluded=1
  wait_kinds: device_sync=4, stream_sync=35592
  wait_exact_note: wrapper emitted no ws_sync evidence; exact waits came from non-wrapper provenance
  cpu_match_ambiguous: total=0 multiple_execution_nodes=0 no_runtime_candidate=0 multiple_runtime_candidates=0
image_path: /data/pytorch-source/exp_results/0521_sweep/sdxl_offload_group_leaf_level_nonblocking/sdxl_offload_group_leaf_level_nonblocking_gpu_output.png
profile_scope: steady_state_inference_only (load, checkpoint reads, and warmup are outside the trace)
