2026-05-22 12:57:20.032134: I tensorflow/core/util/port.cc:153] oneDNN custom operations are on. You may see slightly different numerical results due to floating-point round-off errors from different computation orders. To turn them off, set the environment variable `TF_ENABLE_ONEDNN_OPTS=0`.
2026-05-22 12:57:20.043176: E external/local_xla/xla/stream_executor/cuda/cuda_fft.cc:467] Unable to register cuFFT factory: Attempting to register factory for plugin cuFFT when one has already been registered
WARNING: All log messages before absl::InitializeLog() is called are written to STDERR
E0000 00:00:1779422240.051970 3214413 cuda_dnn.cc:8579] Unable to register cuDNN factory: Attempting to register factory for plugin cuDNN when one has already been registered
E0000 00:00:1779422240.054457 3214413 cuda_blas.cc:1407] Unable to register cuBLAS factory: Attempting to register factory for plugin cuBLAS when one has already been registered
W0000 00:00:1779422240.061798 3214413 computation_placer.cc:177] computation placer already registered. Please check linkage and avoid linking the same target more than once.
W0000 00:00:1779422240.061804 3214413 computation_placer.cc:177] computation placer already registered. Please check linkage and avoid linking the same target more than once.
W0000 00:00:1779422240.061805 3214413 computation_placer.cc:177] computation placer already registered. Please check linkage and avoid linking the same target more than once.
W0000 00:00:1779422240.061806 3214413 computation_placer.cc:177] computation placer already registered. Please check linkage and avoid linking the same target more than once.
2026-05-22 12:57:20.063606: I tensorflow/core/platform/cpu_feature_guard.cc:210] This TensorFlow binary is optimized to use available CPU instructions in performance-critical operations.
To enable the following instructions: AVX2 AVX512F AVX512_VNNI AVX512_BF16 FMA, in other operations, rebuild TensorFlow with the appropriate compiler flags.
AttributeError: 'MessageFactory' object has no attribute 'GetPrototype'
AttributeError: 'MessageFactory' object has no attribute 'GetPrototype'
AttributeError: 'MessageFactory' object has no attribute 'GetPrototype'
AttributeError: 'MessageFactory' object has no attribute 'GetPrototype'
AttributeError: 'MessageFactory' object has no attribute 'GetPrototype'

Loading checkpoint shards:   0%|          | 0/4 [00:00<?, ?it/s]
Loading checkpoint shards:  25%|██▌       | 1/4 [00:00<00:00,  5.55it/s]
Loading checkpoint shards:  50%|█████     | 2/4 [00:00<00:00,  6.20it/s]
Loading checkpoint shards:  75%|███████▌  | 3/4 [00:00<00:00,  6.82it/s]
Loading checkpoint shards: 100%|██████████| 4/4 [00:00<00:00,  7.30it/s]
Loading checkpoint shards: 100%|██████████| 4/4 [00:00<00:00,  6.90it/s]
device: cuda:0
dtype: bfloat16
fusion: none
seed: 0
enable_eos_stop: False
max_new_tokens: 15
batch_size: 1
warmup_runs: 1
text_path: exp_results/0521_sweep/llama8b_eager/noprofile/llama8b_eager_gpu_tokens15_output.txt
sequence_shape: (1, 20)
generated_text_preview: The quick brown fox jumps over the lazy dog. The quick brown fox jumps over the lazy dog
GPU memory: 15324.6 MB allocated, 15338.5 MB peak
load_seconds: 6.054503
warmup_seconds: 0.547973
inference_seconds: 0.307335
decode_seconds: 0.000207
save_seconds: 0.000103
e2e_seconds: 6.910131

# exit_code: 0
# elapsed_seconds: 8.551
