-------------------------------------------------------  ------------  ------------  ------------  ------------  ------------  ------------  ------------  ------------  ------------  ------------  ------------  ------------  ------------  ------------  
                                                   Name    Self CPU %      Self CPU   CPU total %     CPU total  CPU time avg     Self CUDA   Self CUDA %    CUDA total  CUDA time avg       CPU Mem  Self CPU Mem      CUDA Mem  Self CUDA Mem    # of Calls  
-------------------------------------------------------  ------------  ------------  ------------  ------------  ------------  ------------  ------------  ------------  ------------  ------------  ------------  ------------  ------------  ------------  
                             sdxl_turbo_cpu_offload_run        22.66%     659.658ms        99.99%        2.910s        2.910s       0.000us         0.00%     175.941ms     175.941ms          20 B     -14.67 KB      32.00 KB      -8.07 GB             1  
                                        aten::transpose         8.95%     260.475ms        14.80%     430.629ms      53.362us       0.000us         0.00%       0.000us       0.000us           0 B           0 B           0 B           0 B          8070  
                                       aten::as_strided         6.69%     194.793ms         6.69%     194.793ms      20.785us       0.000us         0.00%       0.000us       0.000us           0 B           0 B           0 B           0 B          9372  
                                            aten::empty         6.38%     185.756ms         6.38%     185.756ms      28.278us       0.000us         0.00%       0.000us       0.000us       2.70 KB       2.70 KB       3.54 GB       3.54 GB          6569  
                                             aten::view         6.16%     179.180ms         6.16%     179.180ms      17.857us       0.000us         0.00%       0.000us       0.000us           0 B           0 B           0 B           0 B         10034  
                                           aten::linear         4.40%     128.104ms        31.76%     924.247ms     285.526us       0.000us         0.00%     102.579ms      31.690us           0 B           0 B       3.17 GB           0 B          3237  
                                               aten::mm         4.28%     124.683ms         5.46%     158.923ms      92.129us      32.853ms        18.67%      32.853ms      19.045us           0 B           0 B     937.78 MB     937.78 MB          1725  
                                            aten::addmm         4.13%     120.183ms         5.16%     150.061ms      99.247us      69.533ms        39.52%      69.533ms      45.987us           0 B           0 B       2.25 GB       2.25 GB          1512  
                                       cudaLaunchKernel         3.86%     112.469ms         3.86%     112.469ms      13.906us       0.000us         0.00%       0.000us       0.000us           0 B           0 B           0 B           0 B          8088  
                                                aten::t         2.75%      79.986ms         8.99%     261.712ms      80.825us       0.000us         0.00%       0.000us       0.000us           0 B           0 B           0 B           0 B          3238  
                                aten::native_layer_norm         2.73%      79.568ms         7.04%     204.776ms     220.189us       5.139ms         2.92%       5.139ms       5.526us           0 B           0 B     617.47 MB           0 B           930  
                                           aten::matmul         2.50%      72.772ms        11.28%     328.339ms     190.342us       0.000us         0.00%      32.853ms      19.045us           0 B           0 B     937.78 MB           0 B          1725  
                         aten::_flash_attention_forward         2.42%      70.578ms         6.53%     190.043ms     314.640us      10.341ms         5.88%      10.341ms      17.121us           0 B           0 B     420.71 MB           0 B           604  
              aten::_scaled_dot_product_flash_attention         1.94%      56.547ms        12.59%     366.363ms     606.562us       0.000us         0.00%      10.341ms      17.121us           0 B           0 B     420.71 MB           0 B           604  
                                          aten::reshape         1.85%      53.767ms         3.39%      98.648ms      40.579us       0.000us         0.00%       0.000us       0.000us           0 B           0 B           0 B           0 B          2431  
                                              aten::add         1.57%      45.734ms         2.06%      60.002ms      53.146us       3.474ms         1.97%       3.476ms       3.079us          72 B          56 B     840.55 MB     840.55 MB          1129  
                                       aten::layer_norm         1.27%      36.838ms         8.30%     241.718ms     259.911us       0.000us         0.00%       5.145ms       5.532us           0 B           0 B     615.04 MB      -2.43 MB           930  
                     aten::scaled_dot_product_attention         1.14%      33.202ms        13.73%     399.591ms     661.575us       0.000us         0.00%      10.341ms      17.121us           0 B           0 B     407.37 MB     -13.34 MB           604  
                             aten::_slow_conv2d_forward         1.04%      30.253ms         3.00%      87.461ms     428.729us      39.190ms        22.28%      40.083ms     196.485us           0 B           0 B     288.88 MB      -2.59 GB           204  
                                     aten::_unsafe_view         1.01%      29.351ms         1.01%      29.351ms      17.025us       0.000us         0.00%       0.000us       0.000us           0 B           0 B           0 B           0 B          1724  
-------------------------------------------------------  ------------  ------------  ------------  ------------  ------------  ------------  ------------  ------------  ------------  ------------  ------------  ------------  ------------  ------------  
Self CPU time total: 2.911s
Self CUDA time total: 175.930ms

pipeline: sdxl-turbo
device: cuda:0
dtype: float16
offload_mode: none
fusion: none
accelerate_version: not_used
warmup_runs: 4
trace_path: Traces/pytorch_eager_RTX3090_sdxl-turbo/sdxl_turbo_none_cpu_offload_steps4_profile_trace.json
trace_csv_path: Traces/pytorch_eager_RTX3090_sdxl-turbo/sdxl_turbo_none_cpu_offload_steps4_profile_trace.csv
execution_trace_path: Traces/pytorch_eager_RTX3090_sdxl-turbo/sdxl_turbo_none_cpu_offload_steps4_profile_execution_trace.json
llamasim_output_dir: Traces/pytorch_eager_RTX3090_sdxl-turbo/llama_bundle
llamasim_runtime_summary:
  nodes: total=54948 gpu=9851 cpu=45097
  submit_edges: exact=9851/9851 (100.00%) heuristic=0 provenance=ac2g_endpoint_exact
  ac2g: paired=9851 matched=9851 errors=0
  wait_edges: exact=8/9 (88.89%) heuristic=1
  ws_sync: markers=0 leaves=0
  wait_sources: aten_parent_scope_exact=8, kineto_sync_frontier=1
  excluded_wait_sources: profiler_sync_excluded=1
  wait_kinds: device_sync=1, stream_sync=8
  wait_exact_note: wrapper emitted no ws_sync evidence; exact waits came from non-wrapper provenance
  cpu_match_ambiguous: total=0 multiple_execution_nodes=0 no_runtime_candidate=0 multiple_runtime_candidates=0
image_path: Traces/pytorch_eager_RTX3090_sdxl-turbo/sdxl_turbo_none_cpu_offload_steps4_profile_output.png
profile_scope: steady_state_inference_only (load, checkpoint reads, and warmup are outside the trace)
