-------------------------------------------------------  ------------  ------------  ------------  ------------  ------------  ------------  ------------  ------------  ------------  ------------  ------------  ------------  ------------  ------------  
                                                   Name    Self CPU %      Self CPU   CPU total %     CPU total  CPU time avg     Self CUDA   Self CUDA %    CUDA total  CUDA time avg       CPU Mem  Self CPU Mem      CUDA Mem  Self CUDA Mem    # of Calls  
-------------------------------------------------------  ------------  ------------  ------------  ------------  ------------  ------------  ------------  ------------  ------------  ------------  ------------  ------------  ------------  ------------  
## Call CompiledFxGraph feio7gd2pwsagqrokv2s4yr7rwc6...        36.97%        4.078s        96.66%       10.660s        2.665s       0.000us         0.00%     174.562ms      43.641ms           0 B           0 B     128.00 KB    -705.80 MB             4  
                                               aten::mm         1.10%     120.789ms         1.38%     151.677ms      87.929us      32.296ms        17.89%      32.296ms      18.722us           0 B           0 B           0 B           0 B          1725  
                                            aten::addmm         1.07%     117.543ms         1.31%     144.570ms      95.615us      68.493ms        37.95%      68.512ms      45.312us           0 B           0 B           0 B           0 B          1512  
                                            aten::empty         0.84%      92.708ms         0.84%      92.708ms      29.291us       0.000us         0.00%       0.000us       0.000us       3.39 KB       3.39 KB       5.37 GB       5.37 GB          3165  
## Call CompiledFxGraph fkephdig25hj2jidpg3tfw6xfzu7...         0.71%      77.919ms         2.12%     233.459ms     233.459ms       0.000us         0.00%       4.749ms       4.749ms           0 B        -512 B       6.39 MB     387.50 KB             1  
                                        aten::transpose         0.66%      72.862ms         1.11%     122.465ms      50.668us       0.000us         0.00%       0.000us       0.000us           0 B           0 B           0 B           0 B          2417  
                                       aten::as_strided         0.53%      58.748ms         0.53%      58.748ms      20.420us       0.000us         0.00%       0.000us       0.000us           0 B           0 B           0 B           0 B          2877  
                                         cuLaunchKernel         0.53%      58.282ms         0.53%      58.282ms      14.250us       0.000us         0.00%       0.000us       0.000us           0 B           0 B           0 B           0 B          4090  
                         aten::_flash_attention_forward         0.52%      57.166ms         1.54%     169.489ms     302.659us       9.659ms         5.35%       9.659ms      17.249us           0 B           0 B     413.05 MB        -512 B           560  
              aten::_scaled_dot_product_flash_attention         0.50%      54.688ms         3.06%     337.662ms     602.968us       0.000us         0.00%       9.659ms      17.249us           0 B           0 B     413.05 MB           0 B           560  
                                       cudaLaunchKernel         0.49%      54.145ms         0.49%      54.145ms      13.066us       0.000us         0.00%       0.000us       0.000us           0 B           0 B           0 B           0 B          4144  
                             sdxl_turbo_cpu_offload_run         0.44%      48.676ms       100.00%       11.028s       11.028s       0.000us         0.00%     180.529ms     180.529ms          20 B     -14.67 KB      32.00 KB     -11.11 MB             1  
                                       aten::empty_like         0.27%      29.484ms         0.57%      62.763ms      67.925us       0.000us         0.00%       0.000us       0.000us           0 B           0 B       3.19 GB           0 B           924  
                             aten::_slow_conv2d_forward         0.26%      28.242ms         0.78%      85.508ms     419.159us      38.918ms        21.56%      39.361ms     192.946us           0 B           0 B     292.88 MB      -2.55 GB           204  
                                    aten::empty_strided         0.18%      20.262ms         0.18%      20.262ms      34.815us       0.000us         0.00%       0.000us       0.000us          40 B          40 B     400.38 MB     400.38 MB           582  
                                            aten::copy_         0.18%      19.578ms         0.23%      25.563ms      65.715us      11.090ms         6.14%      11.090ms      28.510us           0 B           0 B           0 B           0 B           389  
## Call CompiledFxGraph fcv4fxutmup6gkbaewd4q4tq7jrx...         0.13%      14.223ms         0.49%      53.601ms      53.601ms       0.000us         0.00%       1.095ms       1.095ms           0 B        -192 B       1.58 MB     232.50 KB             1  
                                     aten::_convolution         0.13%      14.217ms         1.62%     178.841ms     876.670us       0.000us         0.00%      50.419ms     247.150us           0 B           0 B     292.88 MB      -2.80 GB           204  
                                           aten::select         0.11%      12.140ms         0.19%      20.650ms      48.135us       0.000us         0.00%       0.000us       0.000us           0 B           0 B           0 B           0 B           429  
                                        ws_launch:3:982         0.11%      12.000ms         0.13%      14.471ms       3.618ms       0.000us         0.00%      69.184us      17.296us           0 B           0 B       2.58 MB           0 B             4  
-------------------------------------------------------  ------------  ------------  ------------  ------------  ------------  ------------  ------------  ------------  ------------  ------------  ------------  ------------  ------------  ------------  
Self CPU time total: 11.029s
Self CUDA time total: 180.492ms

pipeline: sdxl-turbo
device: cuda:0
dtype: float16
offload_mode: none
fusion: inductor
accelerate_version: not_used
warmup_runs: 4
trace_path: Traces/pytorch_lazy_RTX3090_sdxl-turbo/sdxl_turbo_none_cpu_offload_inductor_steps4_profile_trace.json
trace_csv_path: Traces/pytorch_lazy_RTX3090_sdxl-turbo/sdxl_turbo_none_cpu_offload_inductor_steps4_profile_trace.csv
execution_trace_path: Traces/pytorch_lazy_RTX3090_sdxl-turbo/sdxl_turbo_none_cpu_offload_inductor_steps4_profile_execution_trace.json
llamasim_output_dir: Traces/pytorch_lazy_RTX3090_sdxl-turbo/llama_bundle
llamasim_runtime_summary:
  nodes: total=28701 gpu=8256 cpu=20445
  submit_edges: exact=8256/8256 (100.00%) heuristic=0 provenance=ac2g_endpoint_exact
  ac2g: paired=8256 matched=8256 errors=0
  wait_edges: exact=8/9 (88.89%) heuristic=1
  ws_sync: markers=0 leaves=0
  wait_sources: aten_parent_scope_exact=8, kineto_sync_frontier=1
  excluded_wait_sources: profiler_sync_excluded=1
  wait_kinds: device_sync=1, stream_sync=8
  wait_exact_note: wrapper emitted no ws_sync evidence; exact waits came from non-wrapper provenance
  cpu_match_ambiguous: total=0 multiple_execution_nodes=0 no_runtime_candidate=0 multiple_runtime_candidates=0
image_path: Traces/pytorch_lazy_RTX3090_sdxl-turbo/sdxl_turbo_none_cpu_offload_inductor_steps4_profile_output.png
profile_scope: steady_state_inference_only (load, checkpoint reads, and warmup are outside the trace)
